/data/djs217/miniconda3/envs/quast_env/bin/quast.py -s GCF_040427045.1_ASM4042704v1_genomic.fna

Version: 5.3.0

System information:
  OS: Linux-5.15.0-139-generic-x86_64-with-glibc2.35 (linux_64)
  Python version: 3.12.7
  CPUs number: 32

Started: 2025-05-14 12:05:25

Logging to /data/djs217/PROJECTS/23_Agrobacterium_serbia/quast/quast_results/results_2025_05_14_12_05_25/quast.log
NOTICE: Maximum number of threads is set to 8 (use --threads option to set it manually)

CWD: /data/djs217/PROJECTS/23_Agrobacterium_serbia/quast
Main parameters: 
  MODE: default, threads: 8, split scaffolds: true, min contig length: 500, min alignment length: 65, \
  min alignment IDY: 95.0, ambiguity: one, min local misassembly length: 200, min extensive misassembly length: 1000

Contigs:
  Pre-processing...
  GCF_040427045.1_ASM4042704v1_genomic.fna ==> GCF_040427045.1_ASM4042704v1_genomic
    breaking scaffolds into contigs:
      WARNING: nothing was broken, skipping 'GCF_040427045.1_ASM4042704v1_genomic broken' from further analysis

2025-05-14 12:05:39
Running Basic statistics processor...
  Contig files: 
    GCF_040427045.1_ASM4042704v1_genomic
  Calculating N50 and L50...
    GCF_040427045.1_ASM4042704v1_genomic, N50 = 323037, L50 = 6, auN = 327822.8, Total length = 4963342, GC % = 57.30, # N's per 100 kbp =  0.00
  Drawing Nx plot...
    saved to /data/djs217/PROJECTS/23_Agrobacterium_serbia/quast/quast_results/results_2025_05_14_12_05_25/basic_stats/Nx_plot.pdf
  Drawing cumulative plot...
    saved to /data/djs217/PROJECTS/23_Agrobacterium_serbia/quast/quast_results/results_2025_05_14_12_05_25/basic_stats/cumulative_plot.pdf
  Drawing GC content plot...
    saved to /data/djs217/PROJECTS/23_Agrobacterium_serbia/quast/quast_results/results_2025_05_14_12_05_25/basic_stats/GC_content_plot.pdf
  Drawing GCF_040427045.1_ASM4042704v1_genomic GC content plot...
    saved to /data/djs217/PROJECTS/23_Agrobacterium_serbia/quast/quast_results/results_2025_05_14_12_05_25/basic_stats/GCF_040427045.1_ASM4042704v1_genomic_GC_content_plot.pdf
Done.

NOTICE: Genes are not predicted by default. Use --gene-finding or --glimmer option to enable it.

2025-05-14 12:05:42
Creating large visual summaries...
This may take a while: press Ctrl-C to skip this step..
  1 of 2: Creating PDF with all tables and plots...
  2 of 2: Creating Icarus viewers...
Done

2025-05-14 12:05:43
RESULTS:
  Text versions of total report are saved to /data/djs217/PROJECTS/23_Agrobacterium_serbia/quast/quast_results/results_2025_05_14_12_05_25/report.txt, report.tsv, and report.tex
  Text versions of transposed total report are saved to /data/djs217/PROJECTS/23_Agrobacterium_serbia/quast/quast_results/results_2025_05_14_12_05_25/transposed_report.txt, transposed_report.tsv, and transposed_report.tex
  HTML version (interactive tables and plots) is saved to /data/djs217/PROJECTS/23_Agrobacterium_serbia/quast/quast_results/results_2025_05_14_12_05_25/report.html
  PDF version (tables and plots) is saved to /data/djs217/PROJECTS/23_Agrobacterium_serbia/quast/quast_results/results_2025_05_14_12_05_25/report.pdf
  Icarus (contig browser) is saved to /data/djs217/PROJECTS/23_Agrobacterium_serbia/quast/quast_results/results_2025_05_14_12_05_25/icarus.html
  Log is saved to /data/djs217/PROJECTS/23_Agrobacterium_serbia/quast/quast_results/results_2025_05_14_12_05_25/quast.log

Finished: 2025-05-14 12:05:43
Elapsed time: 0:00:17.993589
NOTICEs: 2; WARNINGs: 0; non-fatal ERRORs: 0

Thank you for using QUAST!
