B6.scaffolds.fasta.supercontigs.fna	R._sp._Leaf262.contig	87.5994	1131	1639
B6.scaffolds.fasta.supercontigs.fna	A._rosae_NCPPB_1650.contig	85.4829	1190	1639
B6.scaffolds.fasta.supercontigs.fna	A._rubi_DSM_6772_.contig	85.3694	1089	1639
B6.scaffolds.fasta.supercontigs.fna	A._vaccinii_B7.6_.contig	85.1022	1155	1639
B6.scaffolds.fasta.supercontigs.fna	A._bohemicum_R90_.contig	83.766	1104	1639
B6.scaffolds.fasta.supercontigs.fna	R._skierniewicense_DSM_26438_.contig	83.4787	992	1639
B6.scaffolds.fasta.supercontigs.fna	A._larrymoorei_CFBP5473_.contig	82.1283	1005	1639
B6.scaffolds.fasta.supercontigs.fna	A._leguminum_MOPV5_.contig	80.9491	856	1639
B6.scaffolds.fasta.supercontigs.fna	A._salinitolerans_YIC_5082_.contig	80.779	820	1639
B6.scaffolds.fasta.supercontigs.fna	A._burrii_Rnr_.contig	80.7551	851	1639
B6.scaffolds.fasta.supercontigs.fna	A._radiobacter_NCPPB_3001.contig	80.7472	859	1639
B6.scaffolds.fasta.supercontigs.fna	A._cavarae_RZME10_.contig	80.733	861	1639
B6.scaffolds.fasta.supercontigs.fna	A._cucumeris_O132.contig	80.7048	837	1639
B6.scaffolds.fasta.supercontigs.fna	A._tumefaciens_str._C58.contig	80.5937	836	1639
B6.scaffolds.fasta.supercontigs.fna	R._oryzihabitans_M15_.contig	80.5866	850	1639
B6.scaffolds.fasta.supercontigs.fna	R._nepotum_39-7.contig	80.5833	840	1639
B6.scaffolds.fasta.supercontigs.fna	A._arsenijevicii_KFB_330.contig	80.54	846	1639
B6.scaffolds.fasta.supercontigs.fna	A._pusense_NRCPB10_.contig	80.3231	813	1639
B6.scaffolds.fasta.supercontigs.fna	A._vitis_NCPPB_3554.contig	78.2136	435	1639
B6.scaffolds.fasta.supercontigs.fna	A._rhizogenes_NBRC_13257.contig	78.1876	519	1639
B6.scaffolds.fasta.supercontigs.fna	R._leguminosarum_ATCC_10004_.contig	78.1548	502	1639
B6.scaffolds.fasta.supercontigs.fna	R._alvei_TNR-22_.contig	77.5582	327	1639
